IronMan 1000 500 300 0
Thor 1200 600 400 10
Hulk 1300 700 500 20
BlackWidow 1400 800 600 30
Thor 1200 380 620 230
Thor 1560 380 770 260
IronMan upgrade Fail
Thor upgrade Fail
Hulk upgrade Fail
BlackWidow upgrade Fail
Loki attacks Thor
Thor boosted
enemies are winning